kotlin version: 2.3.20
error message: org.jetbrains.kotlin.util.FileAnalysisException: While analysing C:/Users/czalb/Downloads/edelion/ImpactX-movil-workspace/app/app/src/main/java/com/example/impactx/data/remote/ApiClient.kt:26:5: java.lang.IllegalArgumentException: Node has already been visited and could result in infinite recursion.

File Path: C:/Users/czalb/Downloads/edelion/ImpactX-movil-workspace/app/app/src/main/java/com/example/impactx/data/remote/ApiClient.kt
Variable: <local>.newAccessToken
Declarations:
- special.anonymous (graph declaration)
- com.example.impactx.data.remote.ApiClient.kt
- com.example.impactx.data.remote.ApiClient

	at org.jetbrains.kotlin.util.AnalysisExceptionsKt.wrapIntoFileAnalysisExceptionIfNeeded(AnalysisExceptions.kt:57)
	at org.jetbrains.kotlin.fir.FirCliExceptionHandler.handleExceptionOnFileAnalysis(Utils.kt:270)
	at org.jetbrains.kotlin.fir.pipeline.AnalyseKt.runCheckers(analyse.kt:68)
	at org.jetbrains.kotlin.fir.pipeline.FirUtilsKt.resolveAndCheckFir(firUtils.kt:81)
	at org.jetbrains.kotlin.cli.pipeline.jvm.JvmFrontendPipelinePhase.executePhase(JvmFrontendPipelinePhase.kt:173)
	at org.jetbrains.kotlin.cli.pipeline.jvm.JvmFrontendPipelinePhase.executePhase(JvmFrontendPipelinePhase.kt:55)
	at org.jetbrains.kotlin.cli.pipeline.PipelinePhase.phaseBody(PipelinePhase.kt:68)
	at org.jetbrains.kotlin.cli.pipeline.PipelinePhase.phaseBody(PipelinePhase.kt:58)
	at org.jetbrains.kotlin.config.phaser.NamedCompilerPhase.invoke(CompilerPhase.kt:102)
	at org.jetbrains.kotlin.backend.common.phaser.CompositePhase.invoke(PhaseBuilders.kt:22)
	at org.jetbrains.kotlin.config.phaser.CompilerPhaseKt.invokeToplevel(CompilerPhase.kt:53)
	at org.jetbrains.kotlin.cli.pipeline.AbstractCliPipeline.runPhasedPipeline(AbstractCliPipeline.kt:109)
	at org.jetbrains.kotlin.cli.pipeline.AbstractCliPipeline.execute(AbstractCliPipeline.kt:68)
	at org.jetbrains.kotlin.cli.jvm.K2JVMCompiler.doExecutePhased(K2JVMCompiler.kt:51)
	at org.jetbrains.kotlin.cli.jvm.K2JVMCompiler.doExecutePhased(K2JVMCompiler.kt:42)
	at org.jetbrains.kotlin.cli.common.CLICompiler.execImpl(CLICompiler.kt:91)
	at org.jetbrains.kotlin.cli.common.CLICompiler.exec(CLICompiler.kt:363)
	at org.jetbrains.kotlin.incremental.IncrementalJvmCompilerRunnerBase.runCompiler(IncrementalJvmCompilerRunnerBase.kt:210)
	at org.jetbrains.kotlin.incremental.IncrementalJvmCompilerRunnerBase.runCompiler(IncrementalJvmCompilerRunnerBase.kt:52)
	at org.jetbrains.kotlin.incremental.IncrementalCompilerRunner.doCompile(IncrementalCompilerRunner.kt:510)
	at org.jetbrains.kotlin.incremental.IncrementalCompilerRunner.compileImpl(IncrementalCompilerRunner.kt:422)
	at org.jetbrains.kotlin.incremental.IncrementalCompilerRunner.compileNonIncrementally(IncrementalCompilerRunner.kt:304)
	at org.jetbrains.kotlin.incremental.IncrementalCompilerRunner.compile(IncrementalCompilerRunner.kt:131)
	at org.jetbrains.kotlin.daemon.CompileServiceImplBase.execIncrementalCompiler(CompileServiceImpl.kt:764)
	at org.jetbrains.kotlin.daemon.CompileServiceImplBase.access$execIncrementalCompiler(CompileServiceImpl.kt:107)
	at org.jetbrains.kotlin.daemon.CompileServiceImpl.compile(CompileServiceImpl.kt:2026)
	at java.base/jdk.internal.reflect.DirectMethodHandleAccessor.invoke(Unknown Source)
	at java.base/java.lang.reflect.Method.invoke(Unknown Source)
	at java.rmi/sun.rmi.server.UnicastServerRef.dispatch(Unknown Source)
	at java.rmi/sun.rmi.transport.Transport$1.run(Unknown Source)
	at java.rmi/sun.rmi.transport.Transport$1.run(Unknown Source)
	at java.base/java.security.AccessController.doPrivileged(Unknown Source)
	at java.rmi/sun.rmi.transport.Transport.serviceCall(Unknown Source)
	at java.rmi/sun.rmi.transport.tcp.TCPTransport.handleMessages(Unknown Source)
	at java.rmi/sun.rmi.transport.tcp.TCPTransport$ConnectionHandler.run0(Unknown Source)
	at java.rmi/sun.rmi.transport.tcp.TCPTransport$ConnectionHandler.lambda$run$0(Unknown Source)
	at java.base/java.security.AccessController.doPrivileged(Unknown Source)
	at java.rmi/sun.rmi.transport.tcp.TCPTransport$ConnectionHandler.run(Unknown Source)
	at java.base/java.util.concurrent.ThreadPoolExecutor.runWorker(Unknown Source)
	at java.base/java.util.concurrent.ThreadPoolExecutor$Worker.run(Unknown Source)
	at java.base/java.lang.Thread.run(Unknown Source)
Caused by: java.lang.IllegalArgumentException: Node has already been visited and could result in infinite recursion.

File Path: C:/Users/czalb/Downloads/edelion/ImpactX-movil-workspace/app/app/src/main/java/com/example/impactx/data/remote/ApiClient.kt
Variable: <local>.newAccessToken
Declarations:
- special.anonymous (graph declaration)
- com.example.impactx.data.remote.ApiClient.kt
- com.example.impactx.data.remote.ApiClient

	at org.jetbrains.kotlin.fir.analysis.cfa.VariableInitializationCheckProcessor.processUnionNode$reportErrorsOnInitializationsInInputs(VariableInitializationCheckProcessor.kt:121)
	at org.jetbrains.kotlin.fir.analysis.cfa.VariableInitializationCheckProcessor.processUnionNode$reportErrorsOnInitializationsInInputs(VariableInitializationCheckProcessor.kt:129)
	at org.jetbrains.kotlin.fir.analysis.cfa.VariableInitializationCheckProcessor.processUnionNode$reportErrorsOnInitializationsInInputs(VariableInitializationCheckProcessor.kt:129)
	at org.jetbrains.kotlin.fir.analysis.cfa.VariableInitializationCheckProcessor.processUnionNode$reportErrorsOnInitializationsInInputs(VariableInitializationCheckProcessor.kt:129)
	at org.jetbrains.kotlin.fir.analysis.cfa.VariableInitializationCheckProcessor.processUnionNode(VariableInitializationCheckProcessor.kt:143)
	at org.jetbrains.kotlin.fir.analysis.cfa.VariableInitializationCheckProcessor.runCheck(VariableInitializationCheckProcessor.kt:70)
	at org.jetbrains.kotlin.fir.analysis.cfa.VariableInitializationCheckProcessor.processSubGraphs(VariableInitializationCheckProcessor.kt:259)
	at org.jetbrains.kotlin.fir.analysis.cfa.VariableInitializationCheckProcessor.runCheck(VariableInitializationCheckProcessor.kt:97)
	at org.jetbrains.kotlin.fir.analysis.cfa.VariableInitializationCheckProcessor.check(VariableInitializationCheckProcessor.kt:48)
	at org.jetbrains.kotlin.fir.analysis.cfa.FirPropertyInitializationAnalyzer.analyze(FirPropertyInitializationAnalyzer.kt:39)
	at org.jetbrains.kotlin.fir.analysis.collectors.components.ControlFlowAnalysisDiagnosticComponent.analyze(ControlFlowAnalysisDiagnosticComponent.kt:54)
	at org.jetbrains.kotlin.fir.analysis.collectors.components.ControlFlowAnalysisDiagnosticComponent.visitNamedFunction(ControlFlowAnalysisDiagnosticComponent.kt:94)
	at org.jetbrains.kotlin.fir.analysis.collectors.components.ControlFlowAnalysisDiagnosticComponent.visitNamedFunction(ControlFlowAnalysisDiagnosticComponent.kt:27)
	at org.jetbrains.kotlin.fir.declarations.FirNamedFunction.accept(FirNamedFunction.kt:71)
	at org.jetbrains.kotlin.fir.analysis.collectors.CheckerRunningDiagnosticCollectorVisitor.checkElement(CheckerRunningDiagnosticCollectorVisitor.kt:24)
	at org.jetbrains.kotlin.fir.analysis.collectors.AbstractDiagnosticCollectorVisitor.access$checkElement(AbstractDiagnosticCollectorVisitor.kt:38)
	at org.jetbrains.kotlin.fir.analysis.collectors.AbstractDiagnosticCollectorVisitor.visitNamedFunction(AbstractDiagnosticCollectorVisitor.kt:812)
	at org.jetbrains.kotlin.fir.analysis.collectors.AbstractDiagnosticCollectorVisitor.visitNamedFunction(AbstractDiagnosticCollectorVisitor.kt:38)
	at org.jetbrains.kotlin.fir.declarations.FirNamedFunction.accept(FirNamedFunction.kt:71)
	at org.jetbrains.kotlin.fir.declarations.impl.FirRegularClassImpl.acceptChildren(FirRegularClassImpl.kt:69)
	at org.jetbrains.kotlin.fir.analysis.collectors.AbstractDiagnosticCollectorVisitor.visitNestedElements(AbstractDiagnosticCollectorVisitor.kt:46)
	at org.jetbrains.kotlin.fir.analysis.collectors.AbstractDiagnosticCollectorVisitor.visitRegularClass(AbstractDiagnosticCollectorVisitor.kt:662)
	at org.jetbrains.kotlin.fir.analysis.collectors.AbstractDiagnosticCollectorVisitor.visitRegularClass(AbstractDiagnosticCollectorVisitor.kt:38)
	at org.jetbrains.kotlin.fir.declarations.FirRegularClass.accept(FirRegularClass.kt:66)
	at org.jetbrains.kotlin.fir.declarations.impl.FirFileImpl.acceptChildren(FirFileImpl.kt:60)
	at org.jetbrains.kotlin.fir.analysis.collectors.AbstractDiagnosticCollectorVisitor.visitNestedElements(AbstractDiagnosticCollectorVisitor.kt:46)
	at org.jetbrains.kotlin.fir.analysis.collectors.AbstractDiagnosticCollectorVisitor.visitFile(AbstractDiagnosticCollectorVisitor.kt:1356)
	at org.jetbrains.kotlin.fir.analysis.collectors.AbstractDiagnosticCollectorVisitor.visitFile(AbstractDiagnosticCollectorVisitor.kt:38)
	at org.jetbrains.kotlin.fir.declarations.FirFile.accept(FirFile.kt:43)
	at org.jetbrains.kotlin.fir.analysis.collectors.AbstractDiagnosticCollector.collectDiagnostics(AbstractDiagnosticCollector.kt:36)
	at org.jetbrains.kotlin.fir.pipeline.AnalyseKt.runCheckers(analyse.kt:37)
	... 38 more


error message: org.jetbrains.kotlin.util.FileAnalysisException: While analysing C:/Users/czalb/Downloads/edelion/ImpactX-movil-workspace/app/app/src/main/java/com/example/impactx/data/remote/ApiClient.kt:26:5: java.lang.IllegalArgumentException: Node has already been visited and could result in infinite recursion.

File Path: C:/Users/czalb/Downloads/edelion/ImpactX-movil-workspace/app/app/src/main/java/com/example/impactx/data/remote/ApiClient.kt
Variable: <local>.newAccessToken
Declarations:
- special.anonymous (graph declaration)
- com.example.impactx.data.remote.ApiClient.kt
- com.example.impactx.data.remote.ApiClient

	at org.jetbrains.kotlin.util.AnalysisExceptionsKt.wrapIntoFileAnalysisExceptionIfNeeded(AnalysisExceptions.kt:57)
	at org.jetbrains.kotlin.fir.FirCliExceptionHandler.handleExceptionOnFileAnalysis(Utils.kt:270)
	at org.jetbrains.kotlin.fir.pipeline.AnalyseKt.runCheckers(analyse.kt:68)
	at org.jetbrains.kotlin.fir.pipeline.FirUtilsKt.resolveAndCheckFir(firUtils.kt:81)
	at org.jetbrains.kotlin.cli.pipeline.jvm.JvmFrontendPipelinePhase.executePhase(JvmFrontendPipelinePhase.kt:173)
	at org.jetbrains.kotlin.cli.pipeline.jvm.JvmFrontendPipelinePhase.executePhase(JvmFrontendPipelinePhase.kt:55)
	at org.jetbrains.kotlin.cli.pipeline.PipelinePhase.phaseBody(PipelinePhase.kt:68)
	at org.jetbrains.kotlin.cli.pipeline.PipelinePhase.phaseBody(PipelinePhase.kt:58)
	at org.jetbrains.kotlin.config.phaser.NamedCompilerPhase.invoke(CompilerPhase.kt:102)
	at org.jetbrains.kotlin.backend.common.phaser.CompositePhase.invoke(PhaseBuilders.kt:22)
	at org.jetbrains.kotlin.config.phaser.CompilerPhaseKt.invokeToplevel(CompilerPhase.kt:53)
	at org.jetbrains.kotlin.cli.pipeline.AbstractCliPipeline.runPhasedPipeline(AbstractCliPipeline.kt:109)
	at org.jetbrains.kotlin.cli.pipeline.AbstractCliPipeline.execute(AbstractCliPipeline.kt:68)
	at org.jetbrains.kotlin.cli.jvm.K2JVMCompiler.doExecutePhased(K2JVMCompiler.kt:51)
	at org.jetbrains.kotlin.cli.jvm.K2JVMCompiler.doExecutePhased(K2JVMCompiler.kt:42)
	at org.jetbrains.kotlin.cli.common.CLICompiler.execImpl(CLICompiler.kt:91)
	at org.jetbrains.kotlin.cli.common.CLICompiler.exec(CLICompiler.kt:363)
	at org.jetbrains.kotlin.incremental.IncrementalJvmCompilerRunnerBase.runCompiler(IncrementalJvmCompilerRunnerBase.kt:210)
	at org.jetbrains.kotlin.incremental.IncrementalJvmCompilerRunnerBase.runCompiler(IncrementalJvmCompilerRunnerBase.kt:52)
	at org.jetbrains.kotlin.incremental.IncrementalCompilerRunner.doCompile(IncrementalCompilerRunner.kt:510)
	at org.jetbrains.kotlin.incremental.IncrementalCompilerRunner.compileImpl(IncrementalCompilerRunner.kt:422)
	at org.jetbrains.kotlin.incremental.IncrementalCompilerRunner.compileNonIncrementally(IncrementalCompilerRunner.kt:304)
	at org.jetbrains.kotlin.incremental.IncrementalCompilerRunner.compile(IncrementalCompilerRunner.kt:131)
	at org.jetbrains.kotlin.buildtools.internal.jvm.operations.JvmCompilationOperationImpl.compileInProcess(JvmCompilationOperationImpl.kt:423)
	at org.jetbrains.kotlin.buildtools.internal.jvm.operations.JvmCompilationOperationImpl.compileInProcess(JvmCompilationOperationImpl.kt:337)
	at org.jetbrains.kotlin.buildtools.internal.jvm.operations.JvmCompilationOperationImpl.executeCancellableImpl(JvmCompilationOperationImpl.kt:149)
	at org.jetbrains.kotlin.buildtools.internal.jvm.operations.JvmCompilationOperationImpl.executeCancellableImpl(JvmCompilationOperationImpl.kt:69)
	at org.jetbrains.kotlin.buildtools.internal.CancellableBuildOperationImpl.executeImpl(CancellableBuildOperationImpl.kt:58)
	at org.jetbrains.kotlin.buildtools.internal.BuildOperationImpl.execute(BuildOperationImpl.kt:34)
	at org.jetbrains.kotlin.buildtools.internal.KotlinToolchainsImpl$BuildSessionImpl.executeOperation$lambda$1(KotlinToolchainsImpl.kt:70)
	at java.base/java.util.concurrent.FutureTask.run(Unknown Source)
	at java.base/java.util.concurrent.ThreadPoolExecutor.runWorker(Unknown Source)
	at java.base/java.util.concurrent.ThreadPoolExecutor$Worker.run(Unknown Source)
	at java.base/java.lang.Thread.run(Unknown Source)
Caused by: java.lang.IllegalArgumentException: Node has already been visited and could result in infinite recursion.

File Path: C:/Users/czalb/Downloads/edelion/ImpactX-movil-workspace/app/app/src/main/java/com/example/impactx/data/remote/ApiClient.kt
Variable: <local>.newAccessToken
Declarations:
- special.anonymous (graph declaration)
- com.example.impactx.data.remote.ApiClient.kt
- com.example.impactx.data.remote.ApiClient

	at org.jetbrains.kotlin.fir.analysis.cfa.VariableInitializationCheckProcessor.processUnionNode$reportErrorsOnInitializationsInInputs(VariableInitializationCheckProcessor.kt:121)
	at org.jetbrains.kotlin.fir.analysis.cfa.VariableInitializationCheckProcessor.processUnionNode$reportErrorsOnInitializationsInInputs(VariableInitializationCheckProcessor.kt:129)
	at org.jetbrains.kotlin.fir.analysis.cfa.VariableInitializationCheckProcessor.processUnionNode$reportErrorsOnInitializationsInInputs(VariableInitializationCheckProcessor.kt:129)
	at org.jetbrains.kotlin.fir.analysis.cfa.VariableInitializationCheckProcessor.processUnionNode$reportErrorsOnInitializationsInInputs(VariableInitializationCheckProcessor.kt:129)
	at org.jetbrains.kotlin.fir.analysis.cfa.VariableInitializationCheckProcessor.processUnionNode(VariableInitializationCheckProcessor.kt:143)
	at org.jetbrains.kotlin.fir.analysis.cfa.VariableInitializationCheckProcessor.runCheck(VariableInitializationCheckProcessor.kt:70)
	at org.jetbrains.kotlin.fir.analysis.cfa.VariableInitializationCheckProcessor.processSubGraphs(VariableInitializationCheckProcessor.kt:259)
	at org.jetbrains.kotlin.fir.analysis.cfa.VariableInitializationCheckProcessor.runCheck(VariableInitializationCheckProcessor.kt:97)
	at org.jetbrains.kotlin.fir.analysis.cfa.VariableInitializationCheckProcessor.check(VariableInitializationCheckProcessor.kt:48)
	at org.jetbrains.kotlin.fir.analysis.cfa.FirPropertyInitializationAnalyzer.analyze(FirPropertyInitializationAnalyzer.kt:39)
	at org.jetbrains.kotlin.fir.analysis.collectors.components.ControlFlowAnalysisDiagnosticComponent.analyze(ControlFlowAnalysisDiagnosticComponent.kt:54)
	at org.jetbrains.kotlin.fir.analysis.collectors.components.ControlFlowAnalysisDiagnosticComponent.visitNamedFunction(ControlFlowAnalysisDiagnosticComponent.kt:94)
	at org.jetbrains.kotlin.fir.analysis.collectors.components.ControlFlowAnalysisDiagnosticComponent.visitNamedFunction(ControlFlowAnalysisDiagnosticComponent.kt:27)
	at org.jetbrains.kotlin.fir.declarations.FirNamedFunction.accept(FirNamedFunction.kt:71)
	at org.jetbrains.kotlin.fir.analysis.collectors.CheckerRunningDiagnosticCollectorVisitor.checkElement(CheckerRunningDiagnosticCollectorVisitor.kt:24)
	at org.jetbrains.kotlin.fir.analysis.collectors.AbstractDiagnosticCollectorVisitor.access$checkElement(AbstractDiagnosticCollectorVisitor.kt:38)
	at org.jetbrains.kotlin.fir.analysis.collectors.AbstractDiagnosticCollectorVisitor.visitNamedFunction(AbstractDiagnosticCollectorVisitor.kt:812)
	at org.jetbrains.kotlin.fir.analysis.collectors.AbstractDiagnosticCollectorVisitor.visitNamedFunction(AbstractDiagnosticCollectorVisitor.kt:38)
	at org.jetbrains.kotlin.fir.declarations.FirNamedFunction.accept(FirNamedFunction.kt:71)
	at org.jetbrains.kotlin.fir.declarations.impl.FirRegularClassImpl.acceptChildren(FirRegularClassImpl.kt:69)
	at org.jetbrains.kotlin.fir.analysis.collectors.AbstractDiagnosticCollectorVisitor.visitNestedElements(AbstractDiagnosticCollectorVisitor.kt:46)
	at org.jetbrains.kotlin.fir.analysis.collectors.AbstractDiagnosticCollectorVisitor.visitRegularClass(AbstractDiagnosticCollectorVisitor.kt:662)
	at org.jetbrains.kotlin.fir.analysis.collectors.AbstractDiagnosticCollectorVisitor.visitRegularClass(AbstractDiagnosticCollectorVisitor.kt:38)
	at org.jetbrains.kotlin.fir.declarations.FirRegularClass.accept(FirRegularClass.kt:66)
	at org.jetbrains.kotlin.fir.declarations.impl.FirFileImpl.acceptChildren(FirFileImpl.kt:60)
	at org.jetbrains.kotlin.fir.analysis.collectors.AbstractDiagnosticCollectorVisitor.visitNestedElements(AbstractDiagnosticCollectorVisitor.kt:46)
	at org.jetbrains.kotlin.fir.analysis.collectors.AbstractDiagnosticCollectorVisitor.visitFile(AbstractDiagnosticCollectorVisitor.kt:1356)
	at org.jetbrains.kotlin.fir.analysis.collectors.AbstractDiagnosticCollectorVisitor.visitFile(AbstractDiagnosticCollectorVisitor.kt:38)
	at org.jetbrains.kotlin.fir.declarations.FirFile.accept(FirFile.kt:43)
	at org.jetbrains.kotlin.fir.analysis.collectors.AbstractDiagnosticCollector.collectDiagnostics(AbstractDiagnosticCollector.kt:36)
	at org.jetbrains.kotlin.fir.pipeline.AnalyseKt.runCheckers(analyse.kt:37)
	... 31 more


